This is pdfTeX, Version 3.141592653-2.6-1.40.26 (TeX Live 2024) (preloaded format=pdflatex 2025.2.4)  3 NOV 2025 07:53
entering extended mode
 restricted \write18 enabled.
 %&-line parsing enabled.
**document.tex
(./document.tex
LaTeX2e <2024-11-01> patch level 2
L3 programming layer <2025-01-18>
(c:/Users/Sina.Mokhtar.XLSCIENTIFIC/AppData/Roaming/TinyTeX/texmf-dist/tex/latex/base/article.cls
Document Class: article 2024/06/29 v1.4n Standard LaTeX document class
(c:/Users/Sina.Mokhtar.XLSCIENTIFIC/AppData/Roaming/TinyTeX/texmf-dist/tex/latex/base/size10.clo
File: size10.clo 2024/06/29 v1.4n Standard LaTeX file (size option)
)
\c@part=\count196
\c@section=\count197
\c@subsection=\count198
\c@subsubsection=\count199
\c@paragraph=\count266
\c@subparagraph=\count267
\c@figure=\count268
\c@table=\count269
\abovecaptionskip=\skip49
\belowcaptionskip=\skip50
\bibindent=\dimen141
) (c:/Users/Sina.Mokhtar.XLSCIENTIFIC/AppData/Roaming/TinyTeX/texmf-dist/tex/generic/babel/babel.sty
Package: babel 2025/02/14 v25.4 The multilingual framework for pdfLaTeX, LuaLaTeX and XeLaTeX
\babel@savecnt=\count270
\U@D=\dimen142
\l@unhyphenated=\language8
 (c:/Users/Sina.Mokhtar.XLSCIENTIFIC/AppData/Roaming/TinyTeX/texmf-dist/tex/generic/babel/txtbabel.def)
\bbl@readstream=\read2
\bbl@dirlevel=\count271
 (c:/Users/Sina.Mokhtar.XLSCIENTIFIC/AppData/Roaming/TinyTeX/texmf-dist/tex/generic/babel-english/english.ldf
Language: english 2017/06/06 v3.3r English support from the babel system
Package babel Info: Hyphen rules for 'canadian' set to \l@english
(babel)             (\language0). Reported on input line 102.
Package babel Info: Hyphen rules for 'australian' set to \l@ukenglish
(babel)             (\language5). Reported on input line 105.
Package babel Info: Hyphen rules for 'newzealand' set to \l@ukenglish
(babel)             (\language5). Reported on input line 108.
)) (c:/Users/Sina.Mokhtar.XLSCIENTIFIC/AppData/Roaming/TinyTeX/texmf-dist/tex/generic/babel/locale/en/babel-english.tex
Package babel Info: Importing font and identification data for english
(babel)             from babel-en.ini. Reported on input line 11.
) (c:/Users/Sina.Mokhtar.XLSCIENTIFIC/AppData/Roaming/TinyTeX/texmf-dist/tex/latex/geometry/geometry.sty
Package: geometry 2020/01/02 v5.9 Page Geometry
 (c:/Users/Sina.Mokhtar.XLSCIENTIFIC/AppData/Roaming/TinyTeX/texmf-dist/tex/latex/graphics/keyval.sty
Package: keyval 2022/05/29 v1.15 key=value parser (DPC)
\KV@toks@=\toks17
) (c:/Users/Sina.Mokhtar.XLSCIENTIFIC/AppData/Roaming/TinyTeX/texmf-dist/tex/generic/iftex/ifvtex.sty
Package: ifvtex 2019/10/25 v1.7 ifvtex legacy package. Use iftex instead.
 (c:/Users/Sina.Mokhtar.XLSCIENTIFIC/AppData/Roaming/TinyTeX/texmf-dist/tex/generic/iftex/iftex.sty
Package: iftex 2024/12/12 v1.0g TeX engine tests
))
\Gm@cnth=\count272
\Gm@cntv=\count273
\c@Gm@tempcnt=\count274
\Gm@bindingoffset=\dimen143
\Gm@wd@mp=\dimen144
\Gm@odd@mp=\dimen145
\Gm@even@mp=\dimen146
\Gm@layoutwidth=\dimen147
\Gm@layoutheight=\dimen148
\Gm@layouthoffset=\dimen149
\Gm@layoutvoffset=\dimen150
\Gm@dimlist=\toks18
) (c:/Users/Sina.Mokhtar.XLSCIENTIFIC/AppData/Roaming/TinyTeX/texmf-dist/tex/latex/amsmath/amsmath.sty
Package: amsmath 2024/11/05 v2.17t AMS math features
\@mathmargin=\skip51

For additional information on amsmath, use the `?' option.
(c:/Users/Sina.Mokhtar.XLSCIENTIFIC/AppData/Roaming/TinyTeX/texmf-dist/tex/latex/amsmath/amstext.sty
Package: amstext 2021/08/26 v2.01 AMS text
 (c:/Users/Sina.Mokhtar.XLSCIENTIFIC/AppData/Roaming/TinyTeX/texmf-dist/tex/latex/amsmath/amsgen.sty
File: amsgen.sty 1999/11/30 v2.0 generic functions
\@emptytoks=\toks19
\ex@=\dimen151
)) (c:/Users/Sina.Mokhtar.XLSCIENTIFIC/AppData/Roaming/TinyTeX/texmf-dist/tex/latex/amsmath/amsbsy.sty
Package: amsbsy 1999/11/29 v1.2d Bold Symbols
\pmbraise@=\dimen152
) (c:/Users/Sina.Mokhtar.XLSCIENTIFIC/AppData/Roaming/TinyTeX/texmf-dist/tex/latex/amsmath/amsopn.sty
Package: amsopn 2022/04/08 v2.04 operator names
)
\inf@bad=\count275
LaTeX Info: Redefining \frac on input line 233.
\uproot@=\count276
\leftroot@=\count277
LaTeX Info: Redefining \overline on input line 398.
LaTeX Info: Redefining \colon on input line 409.
\classnum@=\count278
\DOTSCASE@=\count279
LaTeX Info: Redefining \ldots on input line 495.
LaTeX Info: Redefining \dots on input line 498.
LaTeX Info: Redefining \cdots on input line 619.
\Mathstrutbox@=\box52
\strutbox@=\box53
LaTeX Info: Redefining \big on input line 721.
LaTeX Info: Redefining \Big on input line 722.
LaTeX Info: Redefining \bigg on input line 723.
LaTeX Info: Redefining \Bigg on input line 724.
\big@size=\dimen153
LaTeX Font Info:    Redeclaring font encoding OML on input line 742.
LaTeX Font Info:    Redeclaring font encoding OMS on input line 743.
\macc@depth=\count280
LaTeX Info: Redefining \bmod on input line 904.
LaTeX Info: Redefining \pmod on input line 909.
LaTeX Info: Redefining \smash on input line 939.
LaTeX Info: Redefining \relbar on input line 969.
LaTeX Info: Redefining \Relbar on input line 970.
\c@MaxMatrixCols=\count281
\dotsspace@=\muskip17
\c@parentequation=\count282
\dspbrk@lvl=\count283
\tag@help=\toks20
\row@=\count284
\column@=\count285
\maxfields@=\count286
\andhelp@=\toks21
\eqnshift@=\dimen154
\alignsep@=\dimen155
\tagshift@=\dimen156
\tagwidth@=\dimen157
\totwidth@=\dimen158
\lineht@=\dimen159
\@envbody=\toks22
\multlinegap=\skip52
\multlinetaggap=\skip53
\mathdisplay@stack=\toks23
LaTeX Info: Redefining \[ on input line 2953.
LaTeX Info: Redefining \] on input line 2954.
) (c:/Users/Sina.Mokhtar.XLSCIENTIFIC/AppData/Roaming/TinyTeX/texmf-dist/tex/latex/graphics/graphicx.sty
Package: graphicx 2021/09/16 v1.2d Enhanced LaTeX Graphics (DPC,SPQR)
 (c:/Users/Sina.Mokhtar.XLSCIENTIFIC/AppData/Roaming/TinyTeX/texmf-dist/tex/latex/graphics/graphics.sty
Package: graphics 2024/08/06 v1.4g Standard LaTeX Graphics (DPC,SPQR)
 (c:/Users/Sina.Mokhtar.XLSCIENTIFIC/AppData/Roaming/TinyTeX/texmf-dist/tex/latex/graphics/trig.sty
Package: trig 2023/12/02 v1.11 sin cos tan (DPC)
) (c:/Users/Sina.Mokhtar.XLSCIENTIFIC/AppData/Roaming/TinyTeX/texmf-dist/tex/latex/graphics-cfg/graphics.cfg
File: graphics.cfg 2016/06/04 v1.11 sample graphics configuration
)
Package graphics Info: Driver file: pdftex.def on input line 106.
 (c:/Users/Sina.Mokhtar.XLSCIENTIFIC/AppData/Roaming/TinyTeX/texmf-dist/tex/latex/graphics-def/pdftex.def
File: pdftex.def 2024/04/13 v1.2c Graphics/color driver for pdftex
))
\Gin@req@height=\dimen160
\Gin@req@width=\dimen161
) (c:/Users/Sina.Mokhtar.XLSCIENTIFIC/AppData/Roaming/TinyTeX/texmf-dist/tex/latex/hyperref/hyperref.sty
Package: hyperref 2024-11-05 v7.01l Hypertext links for LaTeX
 (c:/Users/Sina.Mokhtar.XLSCIENTIFIC/AppData/Roaming/TinyTeX/texmf-dist/tex/latex/kvsetkeys/kvsetkeys.sty
Package: kvsetkeys 2022-10-05 v1.19 Key value parser (HO)
) (c:/Users/Sina.Mokhtar.XLSCIENTIFIC/AppData/Roaming/TinyTeX/texmf-dist/tex/generic/kvdefinekeys/kvdefinekeys.sty
Package: kvdefinekeys 2019-12-19 v1.6 Define keys (HO)
) (c:/Users/Sina.Mokhtar.XLSCIENTIFIC/AppData/Roaming/TinyTeX/texmf-dist/tex/generic/pdfescape/pdfescape.sty
Package: pdfescape 2019/12/09 v1.15 Implements pdfTeX's escape features (HO)
 (c:/Users/Sina.Mokhtar.XLSCIENTIFIC/AppData/Roaming/TinyTeX/texmf-dist/tex/generic/ltxcmds/ltxcmds.sty
Package: ltxcmds 2023-12-04 v1.26 LaTeX kernel commands for general use (HO)
) (c:/Users/Sina.Mokhtar.XLSCIENTIFIC/AppData/Roaming/TinyTeX/texmf-dist/tex/generic/pdftexcmds/pdftexcmds.sty
Package: pdftexcmds 2020-06-27 v0.33 Utility functions of pdfTeX for LuaTeX (HO)
 (c:/Users/Sina.Mokhtar.XLSCIENTIFIC/AppData/Roaming/TinyTeX/texmf-dist/tex/generic/infwarerr/infwarerr.sty
Package: infwarerr 2019/12/03 v1.5 Providing info/warning/error messages (HO)
)
Package pdftexcmds Info: \pdf@primitive is available.
Package pdftexcmds Info: \pdf@ifprimitive is available.
Package pdftexcmds Info: \pdfdraftmode found.
)) (c:/Users/Sina.Mokhtar.XLSCIENTIFIC/AppData/Roaming/TinyTeX/texmf-dist/tex/latex/hycolor/hycolor.sty
Package: hycolor 2020-01-27 v1.10 Color options for hyperref/bookmark (HO)
) (c:/Users/Sina.Mokhtar.XLSCIENTIFIC/AppData/Roaming/TinyTeX/texmf-dist/tex/latex/hyperref/nameref.sty
Package: nameref 2023-11-26 v2.56 Cross-referencing by name of section
 (c:/Users/Sina.Mokhtar.XLSCIENTIFIC/AppData/Roaming/TinyTeX/texmf-dist/tex/latex/refcount/refcount.sty
Package: refcount 2019/12/15 v3.6 Data extraction from label references (HO)
) (c:/Users/Sina.Mokhtar.XLSCIENTIFIC/AppData/Roaming/TinyTeX/texmf-dist/tex/generic/gettitlestring/gettitlestring.sty
Package: gettitlestring 2019/12/15 v1.6 Cleanup title references (HO)
 (c:/Users/Sina.Mokhtar.XLSCIENTIFIC/AppData/Roaming/TinyTeX/texmf-dist/tex/latex/kvoptions/kvoptions.sty
Package: kvoptions 2022-06-15 v3.15 Key value format for package options (HO)
))
\c@section@level=\count287
) (c:/Users/Sina.Mokhtar.XLSCIENTIFIC/AppData/Roaming/TinyTeX/texmf-dist/tex/latex/etoolbox/etoolbox.sty
Package: etoolbox 2025/02/11 v2.5l e-TeX tools for LaTeX (JAW)
\etb@tempcnta=\count288
) (c:/Users/Sina.Mokhtar.XLSCIENTIFIC/AppData/Roaming/TinyTeX/texmf-dist/tex/generic/stringenc/stringenc.sty
Package: stringenc 2019/11/29 v1.12 Convert strings between diff. encodings (HO)
)
\@linkdim=\dimen162
\Hy@linkcounter=\count289
\Hy@pagecounter=\count290
 (c:/Users/Sina.Mokhtar.XLSCIENTIFIC/AppData/Roaming/TinyTeX/texmf-dist/tex/latex/hyperref/pd1enc.def
File: pd1enc.def 2024-11-05 v7.01l Hyperref: PDFDocEncoding definition (HO)
Now handling font encoding PD1 ...
... no UTF-8 mapping file for font encoding PD1
) (c:/Users/Sina.Mokhtar.XLSCIENTIFIC/AppData/Roaming/TinyTeX/texmf-dist/tex/generic/intcalc/intcalc.sty
Package: intcalc 2019/12/15 v1.3 Expandable calculations with integers (HO)
)
\Hy@SavedSpaceFactor=\count291
 (c:/Users/Sina.Mokhtar.XLSCIENTIFIC/AppData/Roaming/TinyTeX/texmf-dist/tex/latex/hyperref/puenc.def
File: puenc.def 2024-11-05 v7.01l Hyperref: PDF Unicode definition (HO)
Now handling font encoding PU ...
... no UTF-8 mapping file for font encoding PU
)
Package hyperref Info: Option `colorlinks' set `true' on input line 4040.
Package hyperref Info: Hyper figures OFF on input line 4157.
Package hyperref Info: Link nesting OFF on input line 4162.
Package hyperref Info: Hyper index ON on input line 4165.
Package hyperref Info: Plain pages OFF on input line 4172.
Package hyperref Info: Backreferencing OFF on input line 4177.
Package hyperref Info: Implicit mode ON; LaTeX internals redefined.
Package hyperref Info: Bookmarks ON on input line 4424.
\c@Hy@tempcnt=\count292
 (c:/Users/Sina.Mokhtar.XLSCIENTIFIC/AppData/Roaming/TinyTeX/texmf-dist/tex/latex/url/url.sty
\Urlmuskip=\muskip18
Package: url 2013/09/16  ver 3.4  Verb mode for urls, etc.
)
LaTeX Info: Redefining \url on input line 4763.
\XeTeXLinkMargin=\dimen163
 (c:/Users/Sina.Mokhtar.XLSCIENTIFIC/AppData/Roaming/TinyTeX/texmf-dist/tex/generic/bitset/bitset.sty
Package: bitset 2019/12/09 v1.3 Handle bit-vector datatype (HO)
 (c:/Users/Sina.Mokhtar.XLSCIENTIFIC/AppData/Roaming/TinyTeX/texmf-dist/tex/generic/bigintcalc/bigintcalc.sty
Package: bigintcalc 2019/12/15 v1.5 Expandable calculations on big integers (HO)
))
\Fld@menulength=\count293
\Field@Width=\dimen164
\Fld@charsize=\dimen165
Package hyperref Info: Hyper figures OFF on input line 6042.
Package hyperref Info: Link nesting OFF on input line 6047.
Package hyperref Info: Hyper index ON on input line 6050.
Package hyperref Info: backreferencing OFF on input line 6057.
Package hyperref Info: Link coloring ON on input line 6060.
Package hyperref Info: Link coloring with OCG OFF on input line 6067.
Package hyperref Info: PDF/A mode OFF on input line 6072.
 (c:/Users/Sina.Mokhtar.XLSCIENTIFIC/AppData/Roaming/TinyTeX/texmf-dist/tex/latex/base/atbegshi-ltx.sty
Package: atbegshi-ltx 2021/01/10 v1.0c Emulation of the original atbegshi
package with kernel methods
)
\Hy@abspage=\count294
\c@Item=\count295
\c@Hfootnote=\count296
)
Package hyperref Info: Driver (autodetected): hpdftex.
 (c:/Users/Sina.Mokhtar.XLSCIENTIFIC/AppData/Roaming/TinyTeX/texmf-dist/tex/latex/hyperref/hpdftex.def
File: hpdftex.def 2024-11-05 v7.01l Hyperref driver for pdfTeX
 (c:/Users/Sina.Mokhtar.XLSCIENTIFIC/AppData/Roaming/TinyTeX/texmf-dist/tex/latex/base/atveryend-ltx.sty
Package: atveryend-ltx 2020/08/19 v1.0a Emulation of the original atveryend package
with kernel methods
)
\Fld@listcount=\count297
\c@bookmark@seq@number=\count298
 (c:/Users/Sina.Mokhtar.XLSCIENTIFIC/AppData/Roaming/TinyTeX/texmf-dist/tex/latex/rerunfilecheck/rerunfilecheck.sty
Package: rerunfilecheck 2022-07-10 v1.10 Rerun checks for auxiliary files (HO)
 (c:/Users/Sina.Mokhtar.XLSCIENTIFIC/AppData/Roaming/TinyTeX/texmf-dist/tex/generic/uniquecounter/uniquecounter.sty
Package: uniquecounter 2019/12/15 v1.4 Provide unlimited unique counter (HO)
)
Package uniquecounter Info: New unique counter `rerunfilecheck' on input line 285.
)
\Hy@SectionHShift=\skip54
) (c:/Users/Sina.Mokhtar.XLSCIENTIFIC/AppData/Roaming/TinyTeX/texmf-dist/tex/latex/l3backend/l3backend-pdftex.def
File: l3backend-pdftex.def 2024-05-08 L3 backend support: PDF output (pdfTeX)
\l__color_backend_stack_int=\count299
\l__pdf_internal_box=\box54
) (./document.aux)
\openout1 = `document.aux'.

LaTeX Font Info:    Checking defaults for OML/cmm/m/it on input line 19.
LaTeX Font Info:    ... okay on input line 19.
LaTeX Font Info:    Checking defaults for OMS/cmsy/m/n on input line 19.
LaTeX Font Info:    ... okay on input line 19.
LaTeX Font Info:    Checking defaults for OT1/cmr/m/n on input line 19.
LaTeX Font Info:    ... okay on input line 19.
LaTeX Font Info:    Checking defaults for T1/cmr/m/n on input line 19.
LaTeX Font Info:    ... okay on input line 19.
LaTeX Font Info:    Checking defaults for TS1/cmr/m/n on input line 19.
LaTeX Font Info:    ... okay on input line 19.
LaTeX Font Info:    Checking defaults for OMX/cmex/m/n on input line 19.
LaTeX Font Info:    ... okay on input line 19.
LaTeX Font Info:    Checking defaults for U/cmr/m/n on input line 19.
LaTeX Font Info:    ... okay on input line 19.
LaTeX Font Info:    Checking defaults for PD1/pdf/m/n on input line 19.
LaTeX Font Info:    ... okay on input line 19.
LaTeX Font Info:    Checking defaults for PU/pdf/m/n on input line 19.
LaTeX Font Info:    ... okay on input line 19.

*geometry* driver: auto-detecting
*geometry* detected driver: pdftex
*geometry* verbose mode - [ preamble ] result:
* driver: pdftex
* paper: letterpaper
* layout: <same size as paper>
* layoutoffset:(h,v)=(0.0pt,0.0pt)
* modes: 
* h-part:(L,W,R)=(85.35826pt, 443.57848pt, 85.35826pt)
* v-part:(T,H,B)=(56.9055pt, 681.15898pt, 56.9055pt)
* \paperwidth=614.295pt
* \paperheight=794.96999pt
* \textwidth=443.57848pt
* \textheight=681.15898pt
* \oddsidemargin=13.08827pt
* \evensidemargin=13.08827pt
* \topmargin=-52.36449pt
* \headheight=12.0pt
* \headsep=25.0pt
* \topskip=10.0pt
* \footskip=30.0pt
* \marginparwidth=49.79231pt
* \marginparsep=11.0pt
* \columnsep=10.0pt
* \skip\footins=9.0pt plus 4.0pt minus 2.0pt
* \hoffset=0.0pt
* \voffset=0.0pt
* \mag=1000
* \@twocolumnfalse
* \@twosidefalse
* \@mparswitchfalse
* \@reversemarginfalse
* (1in=72.27pt=25.4mm, 1cm=28.453pt)

(c:/Users/Sina.Mokhtar.XLSCIENTIFIC/AppData/Roaming/TinyTeX/texmf-dist/tex/latex/epstopdf-pkg/epstopdf-base.sty
Package: epstopdf-base 2020-01-24 v2.11 Base part for package epstopdf
Package epstopdf-base Info: Redefining graphics rule for `.eps' on input line 485.
 (c:/Users/Sina.Mokhtar.XLSCIENTIFIC/AppData/Roaming/TinyTeX/texmf-dist/tex/latex/latexconfig/epstopdf-sys.cfg
File: epstopdf-sys.cfg 2010/07/13 v1.3 Configuration of (r)epstopdf for TeX Live
)) (c:/Users/Sina.Mokhtar.XLSCIENTIFIC/AppData/Roaming/TinyTeX/texmf-dist/tex/latex/graphics/color.sty
Package: color 2024/06/23 v1.3e Standard LaTeX Color (DPC)
 (c:/Users/Sina.Mokhtar.XLSCIENTIFIC/AppData/Roaming/TinyTeX/texmf-dist/tex/latex/graphics-cfg/color.cfg
File: color.cfg 2016/01/02 v1.6 sample color configuration
)
Package color Info: Driver file: pdftex.def on input line 149.
 (c:/Users/Sina.Mokhtar.XLSCIENTIFIC/AppData/Roaming/TinyTeX/texmf-dist/tex/latex/graphics/mathcolor.ltx))
Package hyperref Info: Link coloring ON on input line 19.
 (./document.out) (./document.out)
\@outlinefile=\write3
\openout3 = `document.out'.



[1

{c:/Users/Sina.Mokhtar.XLSCIENTIFIC/AppData/Roaming/TinyTeX/texmf-var/fonts/map/pdftex/updmap/pdftex.map}]
<C:/Users/Sina.Mokhtar.XLSCIENTIFIC/Documents/Problems/Copula_AD/figures/AC75a-5_DOB_072519_TS_2020-03-24_17_30_04_allCh.png, id=56, 1445.4pt x 722.7pt>
File: C:/Users/Sina.Mokhtar.XLSCIENTIFIC/Documents/Problems/Copula_AD/figures/AC75a-5_DOB_072519_TS_2020-03-24_17_30_04_allCh.png Graphic file (type png)
<use C:/Users/Sina.Mokhtar.XLSCIENTIFIC/Documents/Problems/Copula_AD/figures/AC75a-5_DOB_072519_TS_2020-03-24_17_30_04_allCh.png>
Package pdftex.def Info: C:/Users/Sina.Mokhtar.XLSCIENTIFIC/Documents/Problems/Copula_AD/figures/AC75a-5_DOB_072519_TS_2020-03-24_17_30_04_allCh.png  used on input line 90.
(pdftex.def)             Requested size: 443.57848pt x 221.78506pt.
<C:/Users/Sina.Mokhtar.XLSCIENTIFIC/Documents/Problems/Copula_AD/figures/AC75a-5_DOB_072519_TS_2020-03-28_17_30_04_allCh.png, id=58, 1445.4pt x 722.7pt>
File: C:/Users/Sina.Mokhtar.XLSCIENTIFIC/Documents/Problems/Copula_AD/figures/AC75a-5_DOB_072519_TS_2020-03-28_17_30_04_allCh.png Graphic file (type png)
<use C:/Users/Sina.Mokhtar.XLSCIENTIFIC/Documents/Problems/Copula_AD/figures/AC75a-5_DOB_072519_TS_2020-03-28_17_30_04_allCh.png>
Package pdftex.def Info: C:/Users/Sina.Mokhtar.XLSCIENTIFIC/Documents/Problems/Copula_AD/figures/AC75a-5_DOB_072519_TS_2020-03-28_17_30_04_allCh.png  used on input line 108.
(pdftex.def)             Requested size: 443.57848pt x 221.78506pt.


LaTeX Warning: `!h' float specifier changed to `!ht'.

<C:/Users/Sina.Mokhtar.XLSCIENTIFIC/Documents/Problems/Copula_AD/figures/AC75a-5_DOB_072519_TS_2020-03-31_17_30_04_allCh.png, id=59, 1445.4pt x 722.7pt>
File: C:/Users/Sina.Mokhtar.XLSCIENTIFIC/Documents/Problems/Copula_AD/figures/AC75a-5_DOB_072519_TS_2020-03-31_17_30_04_allCh.png Graphic file (type png)
<use C:/Users/Sina.Mokhtar.XLSCIENTIFIC/Documents/Problems/Copula_AD/figures/AC75a-5_DOB_072519_TS_2020-03-31_17_30_04_allCh.png>
Package pdftex.def Info: C:/Users/Sina.Mokhtar.XLSCIENTIFIC/Documents/Problems/Copula_AD/figures/AC75a-5_DOB_072519_TS_2020-03-31_17_30_04_allCh.png  used on input line 126.
(pdftex.def)             Requested size: 443.57848pt x 221.78506pt.

LaTeX Warning: `!h' float specifier changed to `!ht'.



[2 <c:/Users/Sina.Mokhtar.XLSCIENTIFIC/Documents/Problems/Copula_AD/figures/AC75a-5_DOB_072519_TS_2020-03-24_17_30_04_allCh.png>]
<C:/Users/Sina.Mokhtar.XLSCIENTIFIC/Documents/Problems/Copula_AD/figures/march25_60/AC75a-5_DOB 072519_TS_2020-03-25_17_30_04_seizure_00.png, id=67, 1445.4pt x 722.7pt>
File: C:/Users/Sina.Mokhtar.XLSCIENTIFIC/Documents/Problems/Copula_AD/figures/march25_60/AC75a-5_DOB 072519_TS_2020-03-25_17_30_04_seizure_00.png Graphic file (type png)
<use C:/Users/Sina.Mokhtar.XLSCIENTIFIC/Documents/Problems/Copula_AD/figures/march25_60/AC75a-5_DOB 072519_TS_2020-03-25_17_30_04_seizure_00.png>
Package pdftex.def Info: C:/Users/Sina.Mokhtar.XLSCIENTIFIC/Documents/Problems/Copula_AD/figures/march25_60/AC75a-5_DOB 072519_TS_2020-03-25_17_30_04_seizure_00.png  used on input line 156.
(pdftex.def)             Requested size: 443.57016pt x 170.71672pt.


LaTeX Warning: `!h' float specifier changed to `!ht'.

<C:/Users/Sina.Mokhtar.XLSCIENTIFIC/Documents/Problems/Copula_AD/figures/march25_600/AC75a-5_DOB 072519_TS_2020-03-25_17_30_04_seizure_00.png, id=68, 1445.4pt x 722.7pt>
File: C:/Users/Sina.Mokhtar.XLSCIENTIFIC/Documents/Problems/Copula_AD/figures/march25_600/AC75a-5_DOB 072519_TS_2020-03-25_17_30_04_seizure_00.png Graphic file (type png)
<use C:/Users/Sina.Mokhtar.XLSCIENTIFIC/Documents/Problems/Copula_AD/figures/march25_600/AC75a-5_DOB 072519_TS_2020-03-25_17_30_04_seizure_00.png>
Package pdftex.def Info: C:/Users/Sina.Mokhtar.XLSCIENTIFIC/Documents/Problems/Copula_AD/figures/march25_600/AC75a-5_DOB 072519_TS_2020-03-25_17_30_04_seizure_00.png  used on input line 162.
(pdftex.def)             Requested size: 443.57016pt x 170.71672pt.

LaTeX Warning: `!h' float specifier changed to `!ht'.

<C:/Users/Sina.Mokhtar.XLSCIENTIFIC/Documents/Problems/Copula_AD/figures/march25_3600/AC75a-5_DOB 072519_TS_2020-03-25_17_30_04_seizure_00.png, id=69, 1445.4pt x 722.7pt>
File: C:/Users/Sina.Mokhtar.XLSCIENTIFIC/Documents/Problems/Copula_AD/figures/march25_3600/AC75a-5_DOB 072519_TS_2020-03-25_17_30_04_seizure_00.png Graphic file (type png)
<use C:/Users/Sina.Mokhtar.XLSCIENTIFIC/Documents/Problems/Copula_AD/figures/march25_3600/AC75a-5_DOB 072519_TS_2020-03-25_17_30_04_seizure_00.png>
Package pdftex.def Info: C:/Users/Sina.Mokhtar.XLSCIENTIFIC/Documents/Problems/Copula_AD/figures/march25_3600/AC75a-5_DOB 072519_TS_2020-03-25_17_30_04_seizure_00.png  used on input line 168.
(pdftex.def)             Requested size: 443.57016pt x 170.71672pt.

LaTeX Warning: `!h' float specifier changed to `!ht'.



[3 <c:/Users/Sina.Mokhtar.XLSCIENTIFIC/Documents/Problems/Copula_AD/figures/AC75a-5_DOB_072519_TS_2020-03-28_17_30_04_allCh.png> <c:/Users/Sina.Mokhtar.XLSCIENTIFIC/Documents/Problems/Copula_AD/figures/AC75a-5_DOB_072519_TS_2020-03-31_17_30_04_allCh.png>]
<C:/Users/Sina.Mokhtar.XLSCIENTIFIC/Documents/Problems/Copula_AD/figures/march25_60/AC75a-5_DOB 072519_TS_2020-03-25_17_30_04_seizure_01.png, id=79, 1445.4pt x 722.7pt>
File: C:/Users/Sina.Mokhtar.XLSCIENTIFIC/Documents/Problems/Copula_AD/figures/march25_60/AC75a-5_DOB 072519_TS_2020-03-25_17_30_04_seizure_01.png Graphic file (type png)
<use C:/Users/Sina.Mokhtar.XLSCIENTIFIC/Documents/Problems/Copula_AD/figures/march25_60/AC75a-5_DOB 072519_TS_2020-03-25_17_30_04_seizure_01.png>
Package pdftex.def Info: C:/Users/Sina.Mokhtar.XLSCIENTIFIC/Documents/Problems/Copula_AD/figures/march25_60/AC75a-5_DOB 072519_TS_2020-03-25_17_30_04_seizure_01.png  used on input line 183.
(pdftex.def)             Requested size: 443.57016pt x 170.71672pt.


LaTeX Warning: `!h' float specifier changed to `!ht'.

<C:/Users/Sina.Mokhtar.XLSCIENTIFIC/Documents/Problems/Copula_AD/figures/march25_600/AC75a-5_DOB 072519_TS_2020-03-25_17_30_04_seizure_01.png, id=80, 1445.4pt x 722.7pt>
File: C:/Users/Sina.Mokhtar.XLSCIENTIFIC/Documents/Problems/Copula_AD/figures/march25_600/AC75a-5_DOB 072519_TS_2020-03-25_17_30_04_seizure_01.png Graphic file (type png)
<use C:/Users/Sina.Mokhtar.XLSCIENTIFIC/Documents/Problems/Copula_AD/figures/march25_600/AC75a-5_DOB 072519_TS_2020-03-25_17_30_04_seizure_01.png>
Package pdftex.def Info: C:/Users/Sina.Mokhtar.XLSCIENTIFIC/Documents/Problems/Copula_AD/figures/march25_600/AC75a-5_DOB 072519_TS_2020-03-25_17_30_04_seizure_01.png  used on input line 189.
(pdftex.def)             Requested size: 443.57016pt x 170.71672pt.

LaTeX Warning: `!h' float specifier changed to `!ht'.

<C:/Users/Sina.Mokhtar.XLSCIENTIFIC/Documents/Problems/Copula_AD/figures/march25_3600/AC75a-5_DOB 072519_TS_2020-03-25_17_30_04_seizure_01.png, id=81, 1445.4pt x 722.7pt>
File: C:/Users/Sina.Mokhtar.XLSCIENTIFIC/Documents/Problems/Copula_AD/figures/march25_3600/AC75a-5_DOB 072519_TS_2020-03-25_17_30_04_seizure_01.png Graphic file (type png)
<use C:/Users/Sina.Mokhtar.XLSCIENTIFIC/Documents/Problems/Copula_AD/figures/march25_3600/AC75a-5_DOB 072519_TS_2020-03-25_17_30_04_seizure_01.png>
Package pdftex.def Info: C:/Users/Sina.Mokhtar.XLSCIENTIFIC/Documents/Problems/Copula_AD/figures/march25_3600/AC75a-5_DOB 072519_TS_2020-03-25_17_30_04_seizure_01.png  used on input line 195.
(pdftex.def)             Requested size: 443.57016pt x 170.71672pt.

LaTeX Warning: `!h' float specifier changed to `!ht'.



[4 <c:/Users/Sina.Mokhtar.XLSCIENTIFIC/Documents/Problems/Copula_AD/figures/march25_60/AC75a-5_DOB 072519_TS_2020-03-25_17_30_04_seizure_00.png> <c:/Users/Sina.Mokhtar.XLSCIENTIFIC/Documents/Problems/Copula_AD/figures/march25_600/AC75a-5_DOB 072519_TS_2020-03-25_17_30_04_seizure_00.png> <c:/Users/Sina.Mokhtar.XLSCIENTIFIC/Documents/Problems/Copula_AD/figures/march25_3600/AC75a-5_DOB 072519_TS_2020-03-25_17_30_04_seizure_00.png>]

[5 <c:/Users/Sina.Mokhtar.XLSCIENTIFIC/Documents/Problems/Copula_AD/figures/march25_60/AC75a-5_DOB 072519_TS_2020-03-25_17_30_04_seizure_01.png> <c:/Users/Sina.Mokhtar.XLSCIENTIFIC/Documents/Problems/Copula_AD/figures/march25_600/AC75a-5_DOB 072519_TS_2020-03-25_17_30_04_seizure_01.png> <c:/Users/Sina.Mokhtar.XLSCIENTIFIC/Documents/Problems/Copula_AD/figures/march25_3600/AC75a-5_DOB 072519_TS_2020-03-25_17_30_04_seizure_01.png>]
<C:/Users/Sina.Mokhtar.XLSCIENTIFIC/Documents/Problems/Copula_AD/figures/sigma2_jointcdf_with_seizures_gumbel.png, id=103, 1011.78pt x 722.7pt>
File: C:/Users/Sina.Mokhtar.XLSCIENTIFIC/Documents/Problems/Copula_AD/figures/sigma2_jointcdf_with_seizures_gumbel.png Graphic file (type png)
<use C:/Users/Sina.Mokhtar.XLSCIENTIFIC/Documents/Problems/Copula_AD/figures/sigma2_jointcdf_with_seizures_gumbel.png>
Package pdftex.def Info: C:/Users/Sina.Mokhtar.XLSCIENTIFIC/Documents/Problems/Copula_AD/figures/sigma2_jointcdf_with_seizures_gumbel.png  used on input line 208.
(pdftex.def)             Requested size: 443.57896pt x 227.61862pt.
<C:/Users/Sina.Mokhtar.XLSCIENTIFIC/Documents/Problems/Copula_AD/figures/sigma2_jointcdf_with_seizures.png, id=104, 1011.78pt x 722.7pt>
File: C:/Users/Sina.Mokhtar.XLSCIENTIFIC/Documents/Problems/Copula_AD/figures/sigma2_jointcdf_with_seizures.png Graphic file (type png)
<use C:/Users/Sina.Mokhtar.XLSCIENTIFIC/Documents/Problems/Copula_AD/figures/sigma2_jointcdf_with_seizures.png>
Package pdftex.def Info: C:/Users/Sina.Mokhtar.XLSCIENTIFIC/Documents/Problems/Copula_AD/figures/sigma2_jointcdf_with_seizures.png  used on input line 214.
(pdftex.def)             Requested size: 443.57896pt x 227.61862pt.

Overfull \hbox (0.54787pt too wide) in paragraph at lines 220--220
[]\OT1/cmr/bx/n/14.4 Anomaly De-tec-tion Us-ing Au-toen-coder Re-con-struc-tion Loss 
 []



[6 <c:/Users/Sina.Mokhtar.XLSCIENTIFIC/Documents/Problems/Copula_AD/figures/sigma2_jointcdf_with_seizures_gumbel.png> <c:/Users/Sina.Mokhtar.XLSCIENTIFIC/Documents/Problems/Copula_AD/figures/sigma2_jointcdf_with_seizures.png>]
<../figures/reconstruction_loss_0330.png, id=114, 1084.05pt x 361.35pt>
File: ../figures/reconstruction_loss_0330.png Graphic file (type png)
<use ../figures/reconstruction_loss_0330.png>
Package pdftex.def Info: ../figures/reconstruction_loss_0330.png  used on input line 231.
(pdftex.def)             Requested size: 443.57848pt x 147.85672pt.


[7 <../figures/reconstruction_loss_0330.png>] (./document.aux)
 ***********
LaTeX2e <2024-11-01> patch level 2
L3 programming layer <2025-01-18>
 ***********
Package rerunfilecheck Info: File `document.out' has not changed.
(rerunfilecheck)             Checksum: A20D98EB10900EFC1911D1119CBDFE6A;1865.
 ) 
Here is how much of TeX's memory you used:
 10540 strings out of 475110
 180404 string characters out of 5759916
 592733 words of memory out of 5000000
 33412 multiletter control sequences out of 15000+600000
 563753 words of font info for 54 fonts, out of 8000000 for 9000
 36 hyphenation exceptions out of 8191
 75i,8n,79p,588b,460s stack positions out of 10000i,1000n,20000p,200000b,200000s
 <c:/Users/Sina.Mokhtar.XLSCIENTIFIC/AppData/Roaming/TinyTeX/texmf-var/fonts/pk/ljfour/jknappen/ec/tcrm1000.600pk><c:/Users/Sina.Mokhtar.XLSCIENTIFIC/AppData/Roaming/TinyTeX/texmf-dist/fonts/type1/public/amsfonts/cm/cmbx10.pfb><c:/Users/Sina.Mokhtar.XLSCIENTIFIC/AppData/Roaming/TinyTeX/texmf-dist/fonts/type1/public/amsfonts/cm/cmbx12.pfb><c:/Users/Sina.Mokhtar.XLSCIENTIFIC/AppData/Roaming/TinyTeX/texmf-dist/fonts/type1/public/amsfonts/cm/cmmi10.pfb><c:/Users/Sina.Mokhtar.XLSCIENTIFIC/AppData/Roaming/TinyTeX/texmf-dist/fonts/type1/public/amsfonts/cm/cmr10.pfb><c:/Users/Sina.Mokhtar.XLSCIENTIFIC/AppData/Roaming/TinyTeX/texmf-dist/fonts/type1/public/amsfonts/cm/cmr6.pfb><c:/Users/Sina.Mokhtar.XLSCIENTIFIC/AppData/Roaming/TinyTeX/texmf-dist/fonts/type1/public/amsfonts/cm/cmr7.pfb><c:/Users/Sina.Mokhtar.XLSCIENTIFIC/AppData/Roaming/TinyTeX/texmf-dist/fonts/type1/public/amsfonts/cm/cmsy10.pfb><c:/Users/Sina.Mokhtar.XLSCIENTIFIC/AppData/Roaming/TinyTeX/texmf-dist/fonts/type1/public/amsfonts/cm/cmtt10.pfb><c:/Users/Sina.Mokhtar.XLSCIENTIFIC/AppData/Roaming/TinyTeX/texmf-dist/fonts/type1/public/amsfonts/cm/cmtt8.pfb>
Output written on document.pdf (7 pages, 12303452 bytes).
PDF statistics:
 175 PDF objects out of 1000 (max. 8388607)
 121 compressed objects within 2 object streams
 32 named destinations out of 1000 (max. 500000)
 133 words of extra memory for PDF output out of 10000 (max. 10000000)

